[hoge.finance/index.html]
[backblue.gif]
[fade.gif]
[index.html]
[cdn.jsdelivr.net/npm/tsparticles@1.24.1/dist/tsparticles.min.js]
[kit.fontawesome.com/9ac6c2f1ef.js]
[code.jquery.com/jquery-3.6.0.min.js]
[www.hoge.finance/style.048df0c138941231aa92daad92e5ec7d5661b343fc14c014da1117e31a9e28d2.css]
[hoge.finance/js/navbar.js]
[www.hoge.finance/img/favicon.png]
[www.hoge.finance/img/webclip.png]
[www.hoge.finance/img/rich_hoge.png]
[hoge.finance/nl.html]
[www.hoge.finance/img/whitebit_logo.png]
[hoge.finance/fr/index.html]
[www.hoge.finance/img/bkex_logo.png]
[www.hoge.finance/img/coinmarketcap_logo.png]
[www.hoge.finance/img/coinbase_logo.png]
[www.hoge.finance/img/coingecko_logo.png]
[www.hoge.finance/img/professor_hoge.png]
[www.hoge.finance/img/swag_hoge.png]
[www.hoge.finance/img/how_to_buy_1.jpg]
[www.hoge.finance/img/how_to_buy_2.jpg]
[www.hoge.finance/img/how_to_buy_3.jpg]
[www.hoge.finance/img/king_hoge.png]
[www.hoge.finance/img/game1.jpg]
[www.hoge.finance/img/game2.jpg]
[www.hoge.finance/img/game3.jpg]
[www.hoge.finance/img/nft_donations.jpg]
[www.hoge.finance/img/nft_gold.jpg]
[www.hoge.finance/img/nft_magic.jpg]
[www.hoge.finance/img/hoge_army_tshirt_mens.png]
[www.hoge.finance/img/hoge_army_tshirt_womens.png]
[www.hoge.finance/img/moonhoge.png]
[hoge.finance/cdn-cgi/l/email-protection.html]
[hoge.finance/index.html]
[hoge.finance/cdn-cgi/scripts/5c5dd728/cloudflare-static/email-decode.min.js]
[www.hoge.finance/img/hogelogo.png]
[www.hoge.finance/style.048df0c138941231aa92daad92e5ec7d5661b343fc14c014da1117e31a9e28d2.css]
[hoge.finance/fr/index.html]
[hoge.finance/nl.html]
[hoge.finance/cdn-cgi/l/email-protection.html]
